[tanshcreative.com/mellow-st-demo/home-2.html]
[backblue.gif]
[fade.gif]
[index.html]
[tanshcreative.com/mellow-st-demo/assets/images/icons/favicon.png]
[tanshcreative.com/mellow-st-demo/assets/images/icons/apple-touch-icon.png]
[tanshcreative.com/mellow-st-demo/assets/images/logo.png]
[tanshcreative.com/mellow-st-demo/about.html]
[tanshcreative.com/mellow-st-demo/contact.html]
[tanshcreative.com/mellow-st-demo/services.html]
[tanshcreative.com/mellow-st-demo/single-service.html]
[tanshcreative.com/mellow-st-demo/assets/images/me-1.jpg]
[tanshcreative.com/mellow-st-demo/assets/images/portfolio-6.jpg]
[tanshcreative.com/mellow-st-demo/assets/images/portfolio-5.jpg]
[tanshcreative.com/mellow-st-demo/assets/images/portfolio-4.jpg]
[tanshcreative.com/mellow-st-demo/assets/images/portfolio-3.jpg]
[tanshcreative.com/mellow-st-demo/assets/images/portfolio-2.jpg]
[tanshcreative.com/mellow-st-demo/assets/images/portfolio-1.jpg]
[tanshcreative.com/mellow-st-demo/assets/images/comp-2.png]
[tanshcreative.com/mellow-st-demo/assets/images/comp-1.png]
[tanshcreative.com/mellow-st-demo/assets/images/alma-2.png]
[tanshcreative.com/mellow-st-demo/assets/images/figma.png]
[tanshcreative.com/mellow-st-demo/assets/images/illustrator.png]
[tanshcreative.com/mellow-st-demo/assets/images/framer.png]
[tanshcreative.com/mellow-st-demo/assets/images/html.png]
[tanshcreative.com/mellow-st-demo/assets/images/sketch.png]
[tanshcreative.com/mellow-st-demo/assets/images/notion.png]
[tanshcreative.com/mellow-st-demo/assets/images/webflow.png]
[tanshcreative.com/mellow-st-demo/assets/images/slack.png]
[tanshcreative.com/mellow-st-demo/assets/images/wordpress.png]
[tanshcreative.com/mellow-st-demo/assets/images/angular.png]
[tanshcreative.com/mellow-st-demo/assets/images/visual-studio.png]
[tanshcreative.com/mellow-st-demo/assets/images/nextjs.png]
[tanshcreative.com/mellow-st-demo/assets/images/premier.png]
[tanshcreative.com/mellow-st-demo/assets/images/capcut.png]
[tanshcreative.com/mellow-st-demo/assets/images/audition.png]
[tanshcreative.com/mellow-st-demo/assets/images/davinci.png]
[tanshcreative.com/mellow-st-demo/assets/images/testm-user1.jpg]
[tanshcreative.com/mellow-st-demo/assets/images/testm-user2.jpg]
[tanshcreative.com/mellow-st-demo/assets/images/testm-user3.jpg]
[tanshcreative.com/mellow-st-demo/assets/images/post-img1.jpg]
[tanshcreative.com/mellow-st-demo/assets/images/post-img2.jpg]
[tanshcreative.com/mellow-st-demo/assets/images/post-img3.jpg]
[fonts.gstatic.com/s/e/notoemoji/latest/1f44b_1f3fc/512.gif]
[tanshcreative.com/mellow-st-demo/assets/images/logo-symbol.png]
[tanshcreative.com/mellow-st-demo/assets/js/jquery.min.js]
[tanshcreative.com/mellow-st-demo/assets/js/bootstrap.bundle.min.js]
[tanshcreative.com/mellow-st-demo/assets/js/swiper-bundle.min.js]
[tanshcreative.com/mellow-st-demo/assets/js/imagesloaded.pkgd.min.js]
[tanshcreative.com/mellow-st-demo/assets/js/isotope.pkgd.min.js]
[tanshcreative.com/mellow-st-demo/assets/js/jquery.validate.min.js]
[tanshcreative.com/mellow-st-demo/assets/js/custom.js]
[tanshcreative.com/mellow-st-demo/home-2.html]
[tanshcreative.com/mellow-st-demo/assets/css/bootstrap.min.css]
[tanshcreative.com/mellow-st-demo/assets/fonts/icomoon.ttf]
[tanshcreative.com/mellow-st-demo/assets/fonts/icomoon.woff]
[tanshcreative.com/mellow-st-demo/assets/fonts/iconfont.css]
[tanshcreative.com/mellow-st-demo/assets/css/swiper-bundle.min.css]
[tanshcreative.com/mellow-st-demo/assets/css/style.css]
[tanshcreative.com/mellow-st-demo/assets/css/responsive.css]
[tanshcreative.com/mellow-st-demo/index.html]
[tanshcreative.com/mellow-st-demo/assets/images/comp-3.png]
[tanshcreative.com/mellow-st-demo/assets/images/alma-3.png]
[tanshcreative.com/mellow-st-demo/assets/images/alma-1.png]
[tanshcreative.com/mellow-st-demo/about.html]
[tanshcreative.com/mellow-st-demo/contact.html]
[tanshcreative.com/mellow-st-demo/services.html]
[tanshcreative.com/mellow-st-demo/single-service.html]
[tanshcreative.com/mellow-st-demo/assets/fonts/icomoon683a.svg]
[tanshcreative.com/mellow-st-demo/assets/images/arrow.png]
[tanshcreative.com/mellow-st-demo/assets/images/client-1.png]
[tanshcreative.com/mellow-st-demo/assets/images/client-2.png]
[tanshcreative.com/mellow-st-demo/assets/images/client-3.png]
[tanshcreative.com/mellow-st-demo/assets/images/client-4.png]
[tanshcreative.com/mellow-st-demo/assets/images/client-5.png]
[tanshcreative.com/mellow-st-demo/index.html]
